2025-04-04 05:34:39.900753 - Received CBT.V508.FILE179.PDS from FILE179.XMI 
2025-04-04 05:34:39.904775 - Found $$$#DATE.txt (text/plain) in CBT.V508.FILE179.PDS, moved to PDS/$$$#DATE
2025-04-04 05:34:39.904919 - Found $$ASM.txt (text/plain) in CBT.V508.FILE179.PDS, moved to PDS/$$ASM
2025-04-04 05:34:39.905056 - Found $MF.txt (text/plain) in CBT.V508.FILE179.PDS, moved to PDS/$MF
2025-04-04 05:34:39.905179 - Found $MVCX.txt (text/plain) in CBT.V508.FILE179.PDS, moved to PDS/$MVCX
2025-04-04 05:34:39.905297 - Found $RXQ.txt (text/plain) in CBT.V508.FILE179.PDS, moved to PDS/$RXQ
2025-04-04 05:34:39.905411 - Found $RXR.txt (text/plain) in CBT.V508.FILE179.PDS, moved to PDS/$RXR
2025-04-04 05:34:39.905541 - Found $STP.txt (text/plain) in CBT.V508.FILE179.PDS, moved to PDS/$STP
2025-04-04 05:34:39.905664 - Found $3270.txt (text/plain) in CBT.V508.FILE179.PDS, moved to PDS/$3270
2025-04-04 05:34:39.905782 - Found #MATCH.txt (text/plain) in CBT.V508.FILE179.PDS, moved to PDS/#MATCH
2025-04-04 05:34:39.905907 - Found @FILE179.txt (text/plain) in CBT.V508.FILE179.PDS, moved to PDS/@FILE179
2025-04-04 05:34:39.906112 - Found @GLOBAL@.txt (text/plain) in CBT.V508.FILE179.PDS, moved to PDS/@GLOBAL@
2025-04-04 05:34:39.906269 - Found @GLOBALC.txt (text/plain) in CBT.V508.FILE179.PDS, moved to PDS/@GLOBALC
2025-04-04 05:34:39.906446 - Found @GLOBALS.txt (text/plain) in CBT.V508.FILE179.PDS, moved to PDS/@GLOBALS
2025-04-04 05:34:39.906588 - Found @GLOBLC@.txt (text/plain) in CBT.V508.FILE179.PDS, moved to PDS/@GLOBLC@
2025-04-04 05:34:39.906707 - Found ACCTPFX.txt (text/plain) in CBT.V508.FILE179.PDS, moved to PDS/ACCTPFX
2025-04-04 05:34:39.906818 - Found ACCTTBL.txt (text/plain) in CBT.V508.FILE179.PDS, moved to PDS/ACCTTBL
2025-04-04 05:34:39.906989 - Found ALLOC.txt (text/plain) in CBT.V508.FILE179.PDS, moved to PDS/ALLOC
2025-04-04 05:34:39.907138 - Found AMODE.txt (text/plain) in CBT.V508.FILE179.PDS, moved to PDS/AMODE
2025-04-04 05:34:39.907252 - Found AMODE24.txt (text/plain) in CBT.V508.FILE179.PDS, moved to PDS/AMODE24
2025-04-04 05:34:39.907364 - Found AMODE31.txt (text/plain) in CBT.V508.FILE179.PDS, moved to PDS/AMODE31
2025-04-04 05:34:39.907483 - Found APFSET.txt (text/plain) in CBT.V508.FILE179.PDS, moved to PDS/APFSET
2025-04-04 05:34:39.907613 - Found ATSVPARM.txt (text/plain) in CBT.V508.FILE179.PDS, moved to PDS/ATSVPARM
2025-04-04 05:34:39.907740 - Found AXEXT#.txt (text/plain) in CBT.V508.FILE179.PDS, moved to PDS/AXEXT#
2025-04-04 05:34:39.907863 - Found AXSET#.txt (text/plain) in CBT.V508.FILE179.PDS, moved to PDS/AXSET#
2025-04-04 05:34:39.907997 - Found CHARTAB.txt (text/plain) in CBT.V508.FILE179.PDS, moved to PDS/CHARTAB
2025-04-04 05:34:39.908110 - Found COLHDR.txt (text/plain) in CBT.V508.FILE179.PDS, moved to PDS/COLHDR
2025-04-04 05:34:39.908221 - Found COLVAR.txt (text/plain) in CBT.V508.FILE179.PDS, moved to PDS/COLVAR
2025-04-04 05:34:39.908334 - Found DAIRPB04.txt (text/plain) in CBT.V508.FILE179.PDS, moved to PDS/DAIRPB04
2025-04-04 05:34:39.908442 - Found DAIRPB08.txt (text/plain) in CBT.V508.FILE179.PDS, moved to PDS/DAIRPB08
2025-04-04 05:34:39.908549 - Found DAIRPB1C.txt (text/plain) in CBT.V508.FILE179.PDS, moved to PDS/DAIRPB1C
2025-04-04 05:34:39.908666 - Found DAIRPB18.txt (text/plain) in CBT.V508.FILE179.PDS, moved to PDS/DAIRPB18
2025-04-04 05:34:39.908794 - Found DAYS.txt (text/plain) in CBT.V508.FILE179.PDS, moved to PDS/DAYS
2025-04-04 05:34:39.908918 - Found DCBEXIT.txt (text/plain) in CBT.V508.FILE179.PDS, moved to PDS/DCBEXIT
2025-04-04 05:34:39.909025 - Found DCMS#DCC.txt (text/plain) in CBT.V508.FILE179.PDS, moved to PDS/DCMS#DCC
2025-04-04 05:34:39.909140 - Found DCMS#FR.txt (text/plain) in CBT.V508.FILE179.PDS, moved to PDS/DCMS#FR
2025-04-04 05:34:39.909249 - Found DCMS#HFR.txt (text/plain) in CBT.V508.FILE179.PDS, moved to PDS/DCMS#HFR
2025-04-04 05:34:39.909357 - Found DCMS#PUT.txt (text/plain) in CBT.V508.FILE179.PDS, moved to PDS/DCMS#PUT
2025-04-04 05:34:39.909465 - Found DCMS#STK.txt (text/plain) in CBT.V508.FILE179.PDS, moved to PDS/DCMS#STK
2025-04-04 05:34:39.909577 - Found DCMSERV.txt (text/plain) in CBT.V508.FILE179.PDS, moved to PDS/DCMSERV
2025-04-04 05:34:39.909691 - Found DCMSFEND.txt (text/plain) in CBT.V508.FILE179.PDS, moved to PDS/DCMSFEND
2025-04-04 05:34:39.909854 - Found DCMSFLD.txt (text/plain) in CBT.V508.FILE179.PDS, moved to PDS/DCMSFLD
2025-04-04 05:34:39.909986 - Found DCMSFMT.txt (text/plain) in CBT.V508.FILE179.PDS, moved to PDS/DCMSFMT
2025-04-04 05:34:39.910094 - Found DCMSGBLS.txt (text/plain) in CBT.V508.FILE179.PDS, moved to PDS/DCMSGBLS
2025-04-04 05:34:39.910202 - Found DCMSNULL.txt (text/plain) in CBT.V508.FILE179.PDS, moved to PDS/DCMSNULL
2025-04-04 05:34:39.910310 - Found DCMSREGS.txt (text/plain) in CBT.V508.FILE179.PDS, moved to PDS/DCMSREGS
2025-04-04 05:34:39.910469 - Found DCMSTART.txt (text/plain) in CBT.V508.FILE179.PDS, moved to PDS/DCMSTART
2025-04-04 05:34:39.910579 - Found DCMSTKCB.txt (text/plain) in CBT.V508.FILE179.PDS, moved to PDS/DCMSTKCB
2025-04-04 05:34:39.910690 - Found DCMSTOP.txt (text/plain) in CBT.V508.FILE179.PDS, moved to PDS/DCMSTOP
2025-04-04 05:34:39.910813 - Found DCMSUPT.txt (text/plain) in CBT.V508.FILE179.PDS, moved to PDS/DCMSUPT
2025-04-04 05:34:39.911146 - Found DCMSWORK.txt (text/plain) in CBT.V508.FILE179.PDS, moved to PDS/DCMSWORK
2025-04-04 05:34:39.911300 - Found DROPX.txt (text/plain) in CBT.V508.FILE179.PDS, moved to PDS/DROPX
2025-04-04 05:34:39.911433 - Found DSGEN.txt (text/plain) in CBT.V508.FILE179.PDS, moved to PDS/DSGEN
2025-04-04 05:34:39.911557 - Found EPAR#.txt (text/plain) in CBT.V508.FILE179.PDS, moved to PDS/EPAR#
2025-04-04 05:34:39.911672 - Found ESAR#.txt (text/plain) in CBT.V508.FILE179.PDS, moved to PDS/ESAR#
2025-04-04 05:34:39.911808 - Found FCBGEN.txt (text/plain) in CBT.V508.FILE179.PDS, moved to PDS/FCBGEN
2025-04-04 05:34:39.911926 - Found FL1.txt (text/plain) in CBT.V508.FILE179.PDS, moved to PDS/FL1
2025-04-04 05:34:39.912046 - Found FL2.txt (text/plain) in CBT.V508.FILE179.PDS, moved to PDS/FL2
2025-04-04 05:34:39.912165 - Found FREE.txt (text/plain) in CBT.V508.FILE179.PDS, moved to PDS/FREE
2025-04-04 05:34:39.912328 - Found F3270.txt (text/plain) in CBT.V508.FILE179.PDS, moved to PDS/F3270
2025-04-04 05:34:39.912485 - Found F3270@.txt (text/plain) in CBT.V508.FILE179.PDS, moved to PDS/F3270@
2025-04-04 05:34:39.912595 - Found HEX.txt (text/plain) in CBT.V508.FILE179.PDS, moved to PDS/HEX
2025-04-04 05:34:39.912706 - Found HEXTAB.txt (text/plain) in CBT.V508.FILE179.PDS, moved to PDS/HEXTAB
2025-04-04 05:34:39.912830 - Found ID.txt (text/plain) in CBT.V508.FILE179.PDS, moved to PDS/ID
2025-04-04 05:34:39.912967 - Found IECDLCH@.txt (text/plain) in CBT.V508.FILE179.PDS, moved to PDS/IECDLCH@
2025-04-04 05:34:39.913077 - Found IEEMBRDS.txt (text/plain) in CBT.V508.FILE179.PDS, moved to PDS/IEEMBRDS
2025-04-04 05:34:39.913189 - Found IEERDCM@.txt (text/plain) in CBT.V508.FILE179.PDS, moved to PDS/IEERDCM@
2025-04-04 05:34:39.913333 - Found IEETDCM.txt (text/plain) in CBT.V508.FILE179.PDS, moved to PDS/IEETDCM
2025-04-04 05:34:39.913451 - Found IEETDCM@.txt (text/plain) in CBT.V508.FILE179.PDS, moved to PDS/IEETDCM@
2025-04-04 05:34:39.913560 - Found IKJCVT.txt (text/plain) in CBT.V508.FILE179.PDS, moved to PDS/IKJCVT
2025-04-04 05:34:39.913668 - Found IKJEBEST.txt (text/plain) in CBT.V508.FILE179.PDS, moved to PDS/IKJEBEST
2025-04-04 05:34:39.913779 - Found IKJZT301.txt (text/plain) in CBT.V508.FILE179.PDS, moved to PDS/IKJZT301
2025-04-04 05:34:39.913896 - Found IKJZT302.txt (text/plain) in CBT.V508.FILE179.PDS, moved to PDS/IKJZT302
2025-04-04 05:34:39.914017 - Found IKJZT303.txt (text/plain) in CBT.V508.FILE179.PDS, moved to PDS/IKJZT303
2025-04-04 05:34:39.914140 - Found IKJZT304.txt (text/plain) in CBT.V508.FILE179.PDS, moved to PDS/IKJZT304
2025-04-04 05:34:39.914264 - Found IKJZT305.txt (text/plain) in CBT.V508.FILE179.PDS, moved to PDS/IKJZT305
2025-04-04 05:34:39.914376 - Found INUSE.txt (text/plain) in CBT.V508.FILE179.PDS, moved to PDS/INUSE
2025-04-04 05:34:39.914488 - Found IOBD.txt (text/plain) in CBT.V508.FILE179.PDS, moved to PDS/IOBD
2025-04-04 05:34:39.914603 - Found IOCB.txt (text/plain) in CBT.V508.FILE179.PDS, moved to PDS/IOCB
2025-04-04 05:34:39.914713 - Found IRACCT@.txt (text/plain) in CBT.V508.FILE179.PDS, moved to PDS/IRACCT@
2025-04-04 05:34:39.914820 - Found IRADMDT@.txt (text/plain) in CBT.V508.FILE179.PDS, moved to PDS/IRADMDT@
2025-04-04 05:34:39.914984 - Found IRAICT@.txt (text/plain) in CBT.V508.FILE179.PDS, moved to PDS/IRAICT@
2025-04-04 05:34:39.915122 - Found IRARMCT@.txt (text/plain) in CBT.V508.FILE179.PDS, moved to PDS/IRARMCT@
2025-04-04 05:34:39.915282 - Found IRAWMST@.txt (text/plain) in CBT.V508.FILE179.PDS, moved to PDS/IRAWMST@
2025-04-04 05:34:39.915396 - Found LC.txt (text/plain) in CBT.V508.FILE179.PDS, moved to PDS/LC
2025-04-04 05:34:39.915507 - Found MONTHS.txt (text/plain) in CBT.V508.FILE179.PDS, moved to PDS/MONTHS
2025-04-04 05:34:39.915615 - Found MVCP#.txt (text/plain) in CBT.V508.FILE179.PDS, moved to PDS/MVCP#
2025-04-04 05:34:39.915723 - Found MVCS#.txt (text/plain) in CBT.V508.FILE179.PDS, moved to PDS/MVCS#
2025-04-04 05:34:39.915835 - Found NOWPARM.txt (text/plain) in CBT.V508.FILE179.PDS, moved to PDS/NOWPARM
2025-04-04 05:34:39.915954 - Found OACDROP.txt (text/plain) in CBT.V508.FILE179.PDS, moved to PDS/OACDROP
2025-04-04 05:34:39.916072 - Found OACFSORT.txt (text/plain) in CBT.V508.FILE179.PDS, moved to PDS/OACFSORT
2025-04-04 05:34:39.916197 - Found OACGBLS.txt (text/plain) in CBT.V508.FILE179.PDS, moved to PDS/OACGBLS
2025-04-04 05:34:39.916307 - Found OACPRTPM.txt (text/plain) in CBT.V508.FILE179.PDS, moved to PDS/OACPRTPM
2025-04-04 05:34:39.916416 - Found OACREGS.txt (text/plain) in CBT.V508.FILE179.PDS, moved to PDS/OACREGS
2025-04-04 05:34:39.916532 - Found OACUSING.txt (text/plain) in CBT.V508.FILE179.PDS, moved to PDS/OACUSING
2025-04-04 05:34:39.916654 - Found OSENTER.txt (text/plain) in CBT.V508.FILE179.PDS, moved to PDS/OSENTER
2025-04-04 05:34:39.916773 - Found OSENTER@.txt (text/plain) in CBT.V508.FILE179.PDS, moved to PDS/OSENTER@
2025-04-04 05:34:39.916881 - Found OSENT01.txt (text/plain) in CBT.V508.FILE179.PDS, moved to PDS/OSENT01
2025-04-04 05:34:39.916990 - Found PC#.txt (text/plain) in CBT.V508.FILE179.PDS, moved to PDS/PC#
2025-04-04 05:34:39.917106 - Found PDE.txt (text/plain) in CBT.V508.FILE179.PDS, moved to PDS/PDE
2025-04-04 05:34:39.917229 - Found PFKEY.txt (text/plain) in CBT.V508.FILE179.PDS, moved to PDS/PFKEY
2025-04-04 05:34:39.917352 - Found PGPB.txt (text/plain) in CBT.V508.FILE179.PDS, moved to PDS/PGPB
2025-04-04 05:34:39.917464 - Found REGEQU.txt (text/plain) in CBT.V508.FILE179.PDS, moved to PDS/REGEQU
2025-04-04 05:34:39.917572 - Found RLCT.txt (text/plain) in CBT.V508.FILE179.PDS, moved to PDS/RLCT
2025-04-04 05:34:39.917685 - Found RLCT@.txt (text/plain) in CBT.V508.FILE179.PDS, moved to PDS/RLCT@
2025-04-04 05:34:39.917794 - Found RMCNS.txt (text/plain) in CBT.V508.FILE179.PDS, moved to PDS/RMCNS
2025-04-04 05:34:39.917912 - Found RMODE.txt (text/plain) in CBT.V508.FILE179.PDS, moved to PDS/RMODE
2025-04-04 05:34:39.918017 - Found SDV.txt (text/plain) in CBT.V508.FILE179.PDS, moved to PDS/SDV
2025-04-04 05:34:39.918133 - Found SMF132.txt (text/plain) in CBT.V508.FILE179.PDS, moved to PDS/SMF132
2025-04-04 05:34:39.918254 - Found SSAR#.txt (text/plain) in CBT.V508.FILE179.PDS, moved to PDS/SSAR#
2025-04-04 05:34:39.918384 - Found TDCB.txt (text/plain) in CBT.V508.FILE179.PDS, moved to PDS/TDCB
2025-04-04 05:34:39.918506 - Found TLD.txt (text/plain) in CBT.V508.FILE179.PDS, moved to PDS/TLD
2025-04-04 05:34:39.918630 - Found TLS.txt (text/plain) in CBT.V508.FILE179.PDS, moved to PDS/TLS
2025-04-04 05:34:39.918790 - Found TMPMAC.txt (text/plain) in CBT.V508.FILE179.PDS, moved to PDS/TMPMAC
2025-04-04 05:34:39.918899 - Found TODAY.txt (text/plain) in CBT.V508.FILE179.PDS, moved to PDS/TODAY
2025-04-04 05:34:39.919015 - Found TODAY@.txt (text/plain) in CBT.V508.FILE179.PDS, moved to PDS/TODAY@
2025-04-04 05:34:39.919131 - Found TPUTX.txt (text/plain) in CBT.V508.FILE179.PDS, moved to PDS/TPUTX
2025-04-04 05:34:39.919252 - Found TRMIO.txt (text/plain) in CBT.V508.FILE179.PDS, moved to PDS/TRMIO
2025-04-04 05:34:39.919365 - Found TSCPPL.txt (text/plain) in CBT.V508.FILE179.PDS, moved to PDS/TSCPPL
2025-04-04 05:34:39.919476 - Found TSCSPL.txt (text/plain) in CBT.V508.FILE179.PDS, moved to PDS/TSCSPL
2025-04-04 05:34:39.919603 - Found TSDAIR.txt (text/plain) in CBT.V508.FILE179.PDS, moved to PDS/TSDAIR
2025-04-04 05:34:39.919714 - Found TSDAIRER.txt (text/plain) in CBT.V508.FILE179.PDS, moved to PDS/TSDAIRER
2025-04-04 05:34:39.919830 - Found TSDAPL.txt (text/plain) in CBT.V508.FILE179.PDS, moved to PDS/TSDAPL
2025-04-04 05:34:39.919937 - Found TSDMPL.txt (text/plain) in CBT.V508.FILE179.PDS, moved to PDS/TSDMPL
2025-04-04 05:34:39.920046 - Found TSIOPL.txt (text/plain) in CBT.V508.FILE179.PDS, moved to PDS/TSIOPL
2025-04-04 05:34:39.920154 - Found TSMPL.txt (text/plain) in CBT.V508.FILE179.PDS, moved to PDS/TSMPL
2025-04-04 05:34:39.920264 - Found TSMSG.txt (text/plain) in CBT.V508.FILE179.PDS, moved to PDS/TSMSG
2025-04-04 05:34:39.920375 - Found TSMSGD.txt (text/plain) in CBT.V508.FILE179.PDS, moved to PDS/TSMSGD
2025-04-04 05:34:39.920498 - Found TSPARERR.txt (text/plain) in CBT.V508.FILE179.PDS, moved to PDS/TSPARERR
2025-04-04 05:34:39.920609 - Found TSPARSE.txt (text/plain) in CBT.V508.FILE179.PDS, moved to PDS/TSPARSE
2025-04-04 05:34:39.920731 - Found TSPPL.txt (text/plain) in CBT.V508.FILE179.PDS, moved to PDS/TSPPL
2025-04-04 05:34:39.920843 - Found TSUSRCHK.txt (text/plain) in CBT.V508.FILE179.PDS, moved to PDS/TSUSRCHK
2025-04-04 05:34:39.920954 - Found USCPTBL.txt (text/plain) in CBT.V508.FILE179.PDS, moved to PDS/USCPTBL
2025-04-04 05:34:39.921075 - Found USCUVT.txt (text/plain) in CBT.V508.FILE179.PDS, moved to PDS/USCUVT
2025-04-04 05:34:39.921183 - Found USNGX.txt (text/plain) in CBT.V508.FILE179.PDS, moved to PDS/USNGX
2025-04-04 05:34:39.921290 - Found VOL.txt (text/plain) in CBT.V508.FILE179.PDS, moved to PDS/VOL
2025-04-04 05:34:39.921403 - Found XSELNAME.txt (text/plain) in CBT.V508.FILE179.PDS, moved to PDS/XSELNAME
2025-04-04 05:34:39.921526 - Found X2D.txt (text/plain) in CBT.V508.FILE179.PDS, moved to PDS/X2D
